../Core/Inc/bh1750.h:19:6:BH1750_Init	32	static
../Core/Inc/bh1750.h:30:7:BH1750_ReadLux	32	static
../Core/Src/main.c:74:5:main	8	static
../Core/Src/main.c:125:6:SystemClock_Config	96	static
../Core/Src/main.c:176:13:MX_I2C1_Init	8	static
../Core/Src/main.c:224:13:MX_USART1_UART_Init	8	static
../Core/Src/main.c:272:13:MX_GPIO_Init	16	static
../Core/Src/main.c:285:6:fill_light_buffer	16	static
../Core/Src/main.c:293:6:Log	16	static
../Core/Src/main.c:302:5:__io_putchar	16	static
../Core/Src/main.c:312:6:Error_Handler	4	static,ignoring_inline_asm
